python : Python 
위치 줄:1 문자:1
+ python -m pytest tests/ -v --tb=long *> test_output.txt; type test_ou ...
+ ~~~~~~~~~~~~~~~~~~~~~~~~~~~~~~~~~~~~~~~~~~~~~~~~~~~~~~~
    + CategoryInfo          : NotSpecified: (Python :String) [], RemoteExcepti 
   on
    + FullyQualifiedErrorId : NativeCommandError
 
